
=== Tue Jan  6 10:16:36 2026

Packages were changed.
Update Mode: mergeDefaultDependencies

The following packages were added:
  com.unity.modules.ai@1.0.0
  com.unity.modules.androidjni@1.0.0
  com.unity.modules.animation@1.0.0
  com.unity.modules.assetbundle@1.0.0
  com.unity.modules.audio@1.0.0
  com.unity.modules.cloth@1.0.0
  com.unity.modules.director@1.0.0
  com.unity.modules.imageconversion@1.0.0
  com.unity.modules.imgui@1.0.0
  com.unity.modules.jsonserialize@1.0.0
  com.unity.modules.particlesystem@1.0.0
  com.unity.modules.physics@1.0.0
  com.unity.modules.physics2d@1.0.0
  com.unity.modules.screencapture@1.0.0
  com.unity.modules.terrain@1.0.0
  com.unity.modules.terrainphysics@1.0.0
  com.unity.modules.tilemap@1.0.0
  com.unity.modules.ui@1.0.0
  com.unity.modules.uielements@1.0.0
  com.unity.modules.umbra@1.0.0
  com.unity.modules.unityanalytics@1.0.0
  com.unity.modules.unitywebrequest@1.0.0
  com.unity.modules.unitywebrequestassetbundle@1.0.0
  com.unity.modules.unitywebrequestaudio@1.0.0
  com.unity.modules.unitywebrequesttexture@1.0.0
  com.unity.modules.unitywebrequestwww@1.0.0
  com.unity.modules.vehicles@1.0.0
  com.unity.modules.video@1.0.0
  com.unity.modules.vr@1.0.0
  com.unity.modules.wind@1.0.0
  com.unity.modules.xr@1.0.0
  com.unity.modules.accessibility@1.0.0
  com.unity.multiplayer.center@1.0.0
The following packages were updated:
  com.unity.ai.navigation from version 2.0.0 to 2.0.9
  com.unity.collab-proxy from version 2.2.0 to 2.9.3
  com.unity.ide.rider from version 3.0.27 to 3.0.37
  com.unity.ide.visualstudio from version 2.0.22 to 2.0.23
  com.unity.inputsystem from version 1.8.1 to 1.14.2
  com.unity.render-pipelines.universal from version 17.0.1 to 17.0.4
  com.unity.test-framework from version 1.4.2 to 1.5.1
  com.unity.timeline from version 1.8.6 to 1.8.9
  com.unity.visualscripting from version 1.9.1 to 1.9.7

=== Wed Feb 11 08:08:32 2026

Packages were changed.
Update Mode: updateDependencies

The following packages were updated:
  com.unity.cinemachine from version 2.6.0 to 2.10.4
  com.unity.collab-proxy from version 1.2.16 to 2.9.3
  com.unity.ide.rider from version 1.1.4 to 3.0.37
  com.unity.test-framework from version 1.1.14 to 1.5.1
  com.unity.timeline from version 1.2.6 to 1.8.9
  com.unity.ugui from version 1.0.0 to 2.0.0
The following packages were removed:
  com.unity.render-pipelines.lightweight@7.3.1
  com.unity.textmeshpro@2.0.1

=== Wed Feb 11 08:08:33 2026

Packages were changed.
Update Mode: mergeDefaultDependencies

The following packages were added:
  com.unity.cinemachine@2.10.4
  com.unity.ide.vscode@1.2.1

=== Mon Apr 27 09:09:57 2026

Packages were changed.
Update Mode: updateDependencies

The following packages were added:
  com.unity.modules.adaptiveperformance@1.0.0
  com.unity.modules.vectorgraphics@1.0.0
The following packages were updated:
  com.unity.ai.navigation from version 2.0.9 to 2.0.10
  com.unity.collab-proxy from version 2.11.2 to 2.11.3
  com.unity.ide.visualstudio from version 2.0.23 to 2.0.26
  com.unity.inputsystem from version 1.14.2 to 1.18.0
  com.unity.multiplayer.center from version 1.0.0 to 1.0.1
  com.unity.render-pipelines.universal from version 17.0.4 to 17.3.0
  com.unity.test-framework from version 1.5.1 to 1.6.0
  com.unity.timeline from version 1.8.9 to 1.8.10
  com.unity.visualscripting from version 1.9.7 to 1.9.9

=== Thu May 14 18:22:38 2026

Packages were changed.
Update Mode: updateDependencies

The following packages were updated:
  com.unity.ai.navigation from version 2.0.10 to 2.0.12
  com.unity.collab-proxy from version 2.11.3 to 2.12.4
  com.unity.ide.visualstudio from version 2.0.26 to 2.0.27
  com.unity.inputsystem from version 1.18.0 to 1.19.0
  com.unity.render-pipelines.universal from version 17.3.0 to 17.4.0
  com.unity.terrain-tools from version 5.3.1 to 5.3.2
  com.unity.timeline from version 1.8.10 to 1.8.12
  com.unity.visualscripting from version 1.9.9 to 1.9.11

=== Mon Jun  8 09:23:30 2026

Packages were changed.
Update Mode: updateDependencies

The following packages were updated:
  com.unity.ai.navigation from version 2.0.11 to 2.0.12
  com.unity.inputsystem from version 1.8.2 to 1.19.0
  com.unity.render-pipelines.universal from version 17.0.3 to 17.4.0

=== Mon Jun  8 09:23:30 2026

Packages were changed.
Update Mode: mergeDefaultDependencies

The following packages were added:
  com.unity.feature.development@1.0.2

=== Thu Jun 25 10:43:17 2026

Packages were changed.
Update Mode: updateDependencies

The following packages were updated:
  com.unity.render-pipelines.core from version 17.0.3 to 17.4.0
  com.unity.render-pipelines.universal from version 17.0.3 to 17.4.0
  com.unity.render-pipelines.universal-config from version 17.0.3 to 17.4.0
  com.unity.shadergraph from version 17.0.3 to 17.4.0

=== Thu Jun 25 10:43:17 2026

Packages were changed.
Update Mode: mergeDefaultDependencies

The following packages were added:
  com.unity.render-pipelines.core@17.4.0
  com.unity.render-pipelines.universal-config@17.4.0
  com.unity.shadergraph@17.4.0
  com.unity.modules.subsystems@1.0.0
